../Middlewares/ST/STM32_USB_Device_Library/Class/HID/Src/usbd_hid.c:284:16:USBD_HID_Init	24	static
../Middlewares/ST/STM32_USB_Device_Library/Class/HID/Src/usbd_hid.c:331:16:USBD_HID_DeInit	16	static
../Middlewares/ST/STM32_USB_Device_Library/Class/HID/Src/usbd_hid.c:362:16:USBD_HID_Setup	32	static
../Middlewares/ST/STM32_USB_Device_Library/Class/HID/Src/usbd_hid.c:494:9:USBD_HID_SendReport	32	static
../Middlewares/ST/STM32_USB_Device_Library/Class/HID/Src/usbd_hid.c:527:10:USBD_HID_GetPollingInterval	24	static
../Middlewares/ST/STM32_USB_Device_Library/Class/HID/Src/usbd_hid.c:557:17:USBD_HID_GetFSCfgDesc	24	static
../Middlewares/ST/STM32_USB_Device_Library/Class/HID/Src/usbd_hid.c:577:17:USBD_HID_GetHSCfgDesc	24	static
../Middlewares/ST/STM32_USB_Device_Library/Class/HID/Src/usbd_hid.c:597:17:USBD_HID_GetOtherSpeedCfgDesc	24	static
../Middlewares/ST/STM32_USB_Device_Library/Class/HID/Src/usbd_hid.c:618:16:USBD_HID_DataIn	16	static
../Middlewares/ST/STM32_USB_Device_Library/Class/HID/Src/usbd_hid.c:635:17:USBD_HID_GetDeviceQualifierDesc	16	static
