../Drivers/lvgl/lvgl/src/misc/../core/../draw/../misc/../font/../draw/../misc/../stdlib/lv_string.h:73:20:lv_memzero	16	static
../Drivers/lvgl/lvgl/src/misc/lv_anim.c:61:6:lv_anim_core_init	8	static
../Drivers/lvgl/lvgl/src/misc/lv_anim.c:70:6:lv_anim_core_deinit	8	static
../Drivers/lvgl/lvgl/src/misc/lv_anim.c:75:6:lv_anim_init	16	static
../Drivers/lvgl/lvgl/src/misc/lv_anim.c:86:13:lv_anim_start	24	static
../Drivers/lvgl/lvgl/src/misc/lv_anim.c:131:10:lv_anim_get_playtime	24	static
../Drivers/lvgl/lvgl/src/misc/lv_anim.c:145:6:lv_anim_delete	24	static
../Drivers/lvgl/lvgl/src/misc/lv_anim.c:168:6:lv_anim_delete_all	8	static
../Drivers/lvgl/lvgl/src/misc/lv_anim.c:174:13:lv_anim_get	24	static
../Drivers/lvgl/lvgl/src/misc/lv_anim.c:186:14:lv_anim_get_timer	4	static
../Drivers/lvgl/lvgl/src/misc/lv_anim.c:191:10:lv_anim_count_running	16	static
../Drivers/lvgl/lvgl/src/misc/lv_anim.c:200:10:lv_anim_speed_clamped	24	static
../Drivers/lvgl/lvgl/src/misc/lv_anim.c:225:10:lv_anim_speed	16	static
../Drivers/lvgl/lvgl/src/misc/lv_anim.c:230:10:lv_anim_speed_to_time	32	static
../Drivers/lvgl/lvgl/src/misc/lv_anim.c:240:6:lv_anim_refr_now	8	static
../Drivers/lvgl/lvgl/src/misc/lv_anim.c:245:9:lv_anim_path_linear	32	static
../Drivers/lvgl/lvgl/src/misc/lv_anim.c:260:9:lv_anim_path_ease_in	24	static
../Drivers/lvgl/lvgl/src/misc/lv_anim.c:266:9:lv_anim_path_ease_out	24	static
../Drivers/lvgl/lvgl/src/misc/lv_anim.c:272:9:lv_anim_path_ease_in_out	24	static
../Drivers/lvgl/lvgl/src/misc/lv_anim.c:278:9:lv_anim_path_overshoot	24	static
../Drivers/lvgl/lvgl/src/misc/lv_anim.c:283:9:lv_anim_path_bounce	40	static
../Drivers/lvgl/lvgl/src/misc/lv_anim.c:335:9:lv_anim_path_step	16	static
../Drivers/lvgl/lvgl/src/misc/lv_anim.c:343:9:lv_anim_path_custom_bezier3	32	static
../Drivers/lvgl/lvgl/src/misc/lv_anim.c:349:6:lv_anim_set_var	16	static
../Drivers/lvgl/lvgl/src/misc/lv_anim.c:354:6:lv_anim_set_exec_cb	16	static
../Drivers/lvgl/lvgl/src/misc/lv_anim.c:359:6:lv_anim_set_duration	16	static
../Drivers/lvgl/lvgl/src/misc/lv_anim.c:364:6:lv_anim_set_time	16	static
../Drivers/lvgl/lvgl/src/misc/lv_anim.c:369:6:lv_anim_set_delay	16	static
../Drivers/lvgl/lvgl/src/misc/lv_anim.c:374:6:lv_anim_set_values	24	static
../Drivers/lvgl/lvgl/src/misc/lv_anim.c:381:6:lv_anim_set_custom_exec_cb	16	static
../Drivers/lvgl/lvgl/src/misc/lv_anim.c:386:6:lv_anim_set_path_cb	16	static
../Drivers/lvgl/lvgl/src/misc/lv_anim.c:391:6:lv_anim_set_start_cb	16	static
../Drivers/lvgl/lvgl/src/misc/lv_anim.c:396:6:lv_anim_set_get_value_cb	16	static
../Drivers/lvgl/lvgl/src/misc/lv_anim.c:401:6:lv_anim_set_completed_cb	16	static
../Drivers/lvgl/lvgl/src/misc/lv_anim.c:406:6:lv_anim_set_deleted_cb	16	static
../Drivers/lvgl/lvgl/src/misc/lv_anim.c:411:6:lv_anim_set_playback_duration	16	static
../Drivers/lvgl/lvgl/src/misc/lv_anim.c:416:6:lv_anim_set_playback_time	16	static
../Drivers/lvgl/lvgl/src/misc/lv_anim.c:421:6:lv_anim_set_playback_delay	16	static
../Drivers/lvgl/lvgl/src/misc/lv_anim.c:426:6:lv_anim_set_repeat_count	16	static
../Drivers/lvgl/lvgl/src/misc/lv_anim.c:431:6:lv_anim_set_repeat_delay	16	static
../Drivers/lvgl/lvgl/src/misc/lv_anim.c:436:6:lv_anim_set_early_apply	16	static
../Drivers/lvgl/lvgl/src/misc/lv_anim.c:441:6:lv_anim_set_user_data	16	static
../Drivers/lvgl/lvgl/src/misc/lv_anim.c:446:6:lv_anim_set_bezier3_param	32	static
../Drivers/lvgl/lvgl/src/misc/lv_anim.c:456:10:lv_anim_get_delay	16	static
../Drivers/lvgl/lvgl/src/misc/lv_anim.c:461:10:lv_anim_get_time	16	static
../Drivers/lvgl/lvgl/src/misc/lv_anim.c:466:10:lv_anim_get_repeat_count	16	static
../Drivers/lvgl/lvgl/src/misc/lv_anim.c:471:8:lv_anim_get_user_data	16	static
../Drivers/lvgl/lvgl/src/misc/lv_anim.c:476:6:lv_anim_custom_delete	16	static
../Drivers/lvgl/lvgl/src/misc/lv_anim.c:481:13:lv_anim_custom_get	16	static
../Drivers/lvgl/lvgl/src/misc/lv_anim.c:493:13:anim_timer	32	static
../Drivers/lvgl/lvgl/src/misc/lv_anim.c:570:13:anim_completed_handler	24	static
../Drivers/lvgl/lvgl/src/misc/lv_anim.c:615:13:anim_mark_list_change	8	static
../Drivers/lvgl/lvgl/src/misc/lv_anim.c:624:16:lv_anim_path_cubic_bezier	48	static
../Drivers/lvgl/lvgl/src/misc/lv_anim.c:638:17:convert_speed_to_time	48	static
../Drivers/lvgl/lvgl/src/misc/lv_anim.c:652:13:resolve_time	16	static
../Drivers/lvgl/lvgl/src/misc/lv_anim.c:666:13:remove_concurrent_anims	24	static
../Drivers/lvgl/lvgl/src/misc/lv_anim.c:701:13:remove_anim	24	static
