E:/STM32CubeIDE/F446RET6-Streamdeck-main/F446RET6-Streamdeck-main/Drivers/lvgl/src/core/lv_obj_style.h:204:20:lv_obj_set_style_pad_hor	24	static
E:/STM32CubeIDE/F446RET6-Streamdeck-main/F446RET6-Streamdeck-main/Drivers/lvgl/src/core/lv_obj_style.h:210:20:lv_obj_set_style_pad_ver	24	static
../Core/Src/main.c:185:13:HID_WaitReady	16	static
../Core/Src/main.c:196:13:HID_Keyboard_Combo	32	static
../Core/Src/main.c:215:13:HID_Key	16	static
../Core/Src/main.c:221:13:HID_Consumer_Press	24	static
../Core/Src/main.c:244:13:Buttons_Init	16	static
../Core/Src/main.c:267:16:Buttons_Scan	16	static
../Core/Src/main.c:282:13:Action_OpenClaudeApp	16	static
../Core/Src/main.c:300:13:Button_Action	16	static
../Core/Src/main.c:324:13:Buttons_Handle	16	static
../Core/Src/main.c:355:15:Encoder_ReadStep	16	static
../Core/Src/main.c:366:18:Encoder_ButtonEvent	16	static
../Core/Src/main.c:447:16:Wrap	16	static
../Core/Src/main.c:456:13:Show	16	static
../Core/Src/main.c:466:13:Wallpaper_Apply	8	static
../Core/Src/main.c:472:13:Home_Create	32	static
../Core/Src/main.c:499:13:Game_Create	24	static
../Core/Src/main.c:523:13:Game_Spawn	8	static
../Core/Src/main.c:529:13:Game_Start	8	static
../Core/Src/main.c:540:13:Game_Move	16	static
../Core/Src/main.c:549:13:Game_Update	8	static
../Core/Src/main.c:573:13:Game_Render	8	static
../Core/Src/main.c:584:13:Menu_Render	16	static
../Core/Src/main.c:598:13:UI_Render	8	static
../Core/Src/main.c:610:18:Screen_Object	16	static
../Core/Src/main.c:623:13:Screen_Go	32	static
../Core/Src/main.c:640:13:UI_Init	8	static
../Core/Src/main.c:669:13:OnButtonEvent	16	static
../Core/Src/main.c:706:13:OnRotate	24	static
../Core/Src/main.c:752:5:main	16	static
../Core/Src/main.c:829:6:SystemClock_Config	8	static
../Core/Src/main.c:903:13:MX_TIM3_Init	4	static
../Core/Src/main.c:961:13:MX_DMA_Init	8	static
../Core/Src/main.c:978:13:MX_GPIO_Init	4	static
../Core/Src/main.c:1026:6:Error_Handler	4	static,ignoring_inline_asm
